// Jest Snapshot v1, https://goo.gl/fbAQLP

exports[`Report renders correctly 1`] = `
<div
  className="bg-gray-100 text-gray-900 flex p-4 justify-center"
>
  <div
    className="w-full max-w-6xl"
  >
    <h1
      className="text-6xl mb-2"
    >
      <span
        className="font-thin"
      >
        floric
         / 
        repo
         |
      </span>
       
      2020
    </h1>
    <div>
      <h2
        className="text-xl mb-2 mt-8 font-bold"
      >
        Releases
      </h2>
      <table
        className="table-auto w-full text-left"
      >
        <thead>
          <tr
            className="bg-gray-800 text-gray-100"
          >
            <th
              className="px-4 py-2"
            >
              #
            </th>
            <th
              className="px-4 py-2"
            >
              Date
            </th>
            <th
              className="px-4 py-2"
            >
              Commit
            </th>
          </tr>
        </thead>
        <tbody />
      </table>
    </div>
    <div>
      <h2
        className="text-xl mb-2 mt-8 font-bold"
      >
        Metrics
      </h2>
    </div>
    <div
      className="m-8"
    >
      <p
        className="text-center"
      >
        Last generated by
         
        <a
          className="font-bold"
          href="https://github.com/floric/repo-monitor-action"
        >
          <i
            className="fab fa-github"
          />
           floric/repo-monitor-action
        </a>
         
        on 
        lll
        .
      </p>
    </div>
  </div>
</div>
`;
